// Vitest Snapshot v1, https://vitest.dev/guide/snapshot.html

exports[`snapshot css modules (undefined) 1`] = `undefined`;

exports[`snapshot css modules 1`] = `"GM_addStyle(\`h1{text-decoration:underline}\`)"`;
