// Vitest Snapshot v1, https://vitest.dev/guide/snapshot.html

exports[`defineGrants snapshot 1`] = `
[
  "GM_addStyle",
  "GM_notification",
  "GM_info",
]
`;

exports[`removeDuplicates snapshot 1`] = `
[
  "GM_addElement",
  "GM_addStyle",
  "GM_download",
]
`;
